upkg: --quiet and --verbose are mutually exclusive
