upkg: Î¼pkg package tarball was successfully created at 'acme.tar.gz'
