upkg: Î¼pkg package tarball was successfully created at 'package.tar.gz'
