upkg: Î¼pkg package tarball was successfully created at 'acme-overridden.tar.gz'
