upkg: No upkg.json found in '$BATS_TEST_TMPDIR/project'
