upkg: 'non-existent' is no longer depended upon or has changed
upkg: .upkg/ is not up-to-date
