upkg: Removed 'acme-empty-v1.0.2-no-metadata.tar'
