upkg: 'acme@2fc13e1819bc3ed22ee1526d4f44ec20cd8748575e52a28e137f74fec2dd1160' is not installed
upkg: Unable to remove 'non-existent'. upkg.json is not in sync with .upkg/
