upkg: Already downloaded '$BATS_RUN_TMPDIR/package-fixtures/acme-empty-v1.0.2-metadata.tar'
upkg: Added '$BATS_RUN_TMPDIR/package-fixtures/acme-empty-v1.0.2-metadata.tar'
