upkg: Already downloaded '$BATS_RUN_TMPDIR/package-fixtures/default/acme.tar'
upkg: Added '$BATS_RUN_TMPDIR/package-fixtures/default/acme.tar'
