upkg: Already downloaded '$BATS_RUN_TMPDIR/package-fixtures/duplicates/acme-empty-v1.0.2-metadata.tar'
upkg: conflict: There is more than one package with the name 'acme-empty' ('acme-empty' and 'acme-empty')
upkg: An error occurred while installing '$BATS_RUN_TMPDIR/package-fixtures/default/acme-empty-v1.0.2-metadata.tar'
