upkg: Added '$BATS_RUN_TMPDIR/package-fixtures/default/acme.zip'
