upkg: Linking 'acme.bin'
upkg: Added 'package-fixtures:$BATS_RUN_TMPDIR/package-fixtures/default/acme.git'
