upkg: No checksum given for 'https://s3-eu-west-1.amazonaws.com/orbit-binaries/orbit-cli-v0.1.3.tar.gz?AWSAccessKeyId=AKIAZVIOIP7XN4CAKZNT&Expires=2028891302&Signature=03Zofm0v1BcNK%2Bd6RzIlTUwuRsQ%3D', determining now
upkg: Downloading https://s3-eu-west-1.amazonaws.com/orbit-binaries/orbit-cli-v0.1.3.tar.gz?AWSAccessKeyId=AKIAZVIOIP7XN4CAKZNT&Expires=2028891302&Signature=03Zofm0v1BcNK%2Bd6RzIlTUwuRsQ%3D
upkg: Linking 'orbit-cli'
upkg: Added 'https://s3-eu-west-1.amazonaws.com/orbit-binaries/orbit-cli-v0.1.3.tar.gz?AWSAccessKeyId=AKIAZVIOIP7XN4CAKZNT&Expires=2028891302&Signature=03Zofm0v1BcNK%2Bd6RzIlTUwuRsQ%3D'
