upkg: Added '$BATS_RUN_TMPDIR/package-fixtures/default/acme-empty-v1.0.2-no-metadata.tar'
