upkg: Downloading $REMOTE_ADDR/acme-empty-v1.0.2-metadata.tar
upkg: Added '$REMOTE_ADDR/acme-empty-v1.0.2-metadata.tar'
