upkg: Skipping '$BATS_RUN_TMPDIR/package-fixtures/default/acme.tar'
upkg: conflict: 'acme-no-metadata.tar' and 'acme' both have a command named 'acme.bin'
upkg: An error occurred while installing '$BATS_RUN_TMPDIR/package-fixtures/default/acme-no-metadata.tar'
