upkg: No pkgname given for '$BATS_RUN_TMPDIR/package-fixtures/default/acme.zip', determining now
upkg: Added '$BATS_RUN_TMPDIR/package-fixtures/default/acme.zip'
