upkg: No checksum given for '$HTTPD_PKG_FIXTURES_ADDR/default/acme-empty-v1.0.2-metadata.tar', determining now
upkg: Downloading $HTTPD_PKG_FIXTURES_ADDR/default/acme-empty-v1.0.2-metadata.tar
upkg: Added '$HTTPD_PKG_FIXTURES_ADDR/default/acme-empty-v1.0.2-metadata.tar'
