upkg: No checksum given for '$HTTPD_PKG_FIXTURES_ADDR/default/acme.tar', determining now
upkg: Downloading $HTTPD_PKG_FIXTURES_ADDR/default/acme.tar
upkg: Unable to download '$HTTPD_PKG_FIXTURES_ADDR/default/acme.tar', neither wget nor curl are available
