upkg: No checksum given for '$REMOTE_ADDR/default/acme-empty-v1.0.2-metadata.tar', determining now
upkg: Downloading $REMOTE_ADDR/default/acme-empty-v1.0.2-metadata.tar
upkg: Added '$REMOTE_ADDR/default/acme-empty-v1.0.2-metadata.tar'
