upkg: No checksum given for '$BATS_RUN_TMPDIR/package-fixtures/default/acme.tar', determining now
upkg: Added '$BATS_RUN_TMPDIR/package-fixtures/default/acme.tar'
