upkg: conflict: the command 'acme.bin' already exists in '$BATS_TEST_TMPDIR/home/.local/bin' but does not point to '$BATS_TEST_TMPDIR/home/.local/lib/upkg'
