upkg: Added '$BATS_RUN_TMPDIR/package-fixtures/disallowed/with-at-in-name.tar'
