upkg: Added '$BATS_RUN_TMPDIR/package-fixtures/disallowed/with@in-name.tar'
