upkg: Added '$BATS_RUN_TMPDIR/package-fixtures/disallowed/with-newline-in-name.tar'
