
Usage:
  upkg install [-nqv]
  upkg add [-qvgXB -b PATH... -p PKGNAME -t PKGTYPE] (URL|PATH) [SHA]
  upkg remove [-nqvg] PKGNAME
  upkg list [-qvg] [-- COLUMNOPTS...
