upkg: No packages are installed in '$BATS_TEST_TMPDIR/project'
