Package name  Version  Checksum
acme-empty    v1.0.2   78c3c8b2f9d508a79aea1b683b9db6e85a78bd107910bf15a0e25daedc4995f1
