upkg: Added '$BATS_RUN_TMPDIR/package-fixtures/default/scattered-executables.tar'
