upkg: --no-bin and --bin are mutually exclusive

Usage:
  upkg install [-nqv]
  upkg add [-qvgfXB -b PATH... -p PKGNAME -t PKGTYPE] (URL|PATH) [SHA]
  upkg remove [-qnvg] PKGNAME
  upkg list [-qvg] [-- COLUMNOPTS...]
  upkg bundle [-qv -d PATH -p PKGNAME -V VERSION] [PATHS...
