upkg: Linking 'command with spaces.bin'
upkg: Added '$BATS_RUN_TMPDIR/package-fixtures/default/command-with-spaces.tar'
